[2m2026-09-15T07:04:26.984925Z[0m [32m INFO[0m [2mactix_server::builder[0m[2m:[0m starting 12 workers
[2m2026-09-15T07:04:26.984940Z[0m [32m INFO[0m [2mactix_server::server[0m[2m:[0m Actix runtime found; starting in Actix runtime
[2m2026-09-15T07:04:26.984942Z[0m [32m INFO[0m [2mactix_server::server[0m[2m:[0m starting service: "actix-web-service-0.0.0.0:6311", workers: 12, listening on: 0.0.0.0:6311
[2m2026-09-15T07:04:26.995546Z[0m [32m INFO[0m [2mactix_web::middleware::logger[0m[2m:[0m 192.168.65.1 GET /health HTTP/1.1; took 0.000047s
[2m2026-09-15T07:04:26.996759Z[0m [32m INFO[0m [2mactix_web::middleware::logger[0m[2m:[0m 192.168.65.1 GET /ready HTTP/1.1; took 0.000025s
[2m2026-09-15T07:04:26.997890Z[0m [32m INFO[0m [2mmidnight_proof_server::endpoints[0m[2m:[0m Starting to process request for /prove...
[2m2026-09-15T07:04:32.522414Z[0m [32m INFO[0m [2mmidnight_bench[0m[2m:[0m [3mstage[0m[2m=[0m"create_proof.compute_trace.start" [3mrss_mb[0m[2m=[0m1863 [3mhwm_mb[0m[2m=[0m2101
[2m2026-09-15T07:04:32.522449Z[0m [32m INFO[0m [2mmidnight_bench[0m[2m:[0m [3mstage[0m[2m=[0m"trace.compute_instances.start" [3mrss_mb[0m[2m=[0m1863 [3mhwm_mb[0m[2m=[0m2101
[2m2026-09-15T07:04:32.619842Z[0m [32m INFO[0m [2mmidnight_bench[0m[2m:[0m [3mstage[0m[2m=[0m"trace.compute_instances.end" [3mrss_mb[0m[2m=[0m1927 [3mhwm_mb[0m[2m=[0m2101
[2m2026-09-15T07:04:32.619873Z[0m [32m INFO[0m [2mmidnight_bench[0m[2m:[0m [3mstage[0m[2m=[0m"trace.parse_advices.start" [3mrss_mb[0m[2m=[0m1927 [3mhwm_mb[0m[2m=[0m2101
[2m2026-09-15T07:04:32.766292Z[0m [32m INFO[0m [2mmidnight_bench[0m[2m:[0m [3mstage[0m[2m=[0m"trace.parse_advices.end" [3mrss_mb[0m[2m=[0m2088 [3mhwm_mb[0m[2m=[0m2303
[2m2026-09-15T07:04:32.766321Z[0m [32m INFO[0m [2mmidnight_bench[0m[2m:[0m [3mstage[0m[2m=[0m"trace.lookups_permuted.start" [3mrss_mb[0m[2m=[0m2088 [3mhwm_mb[0m[2m=[0m2303
[2m2026-09-15T07:04:33.359186Z[0m [32m INFO[0m [2mmidnight_bench[0m[2m:[0m [3mstage[0m[2m=[0m"trace.lookups_permuted.end" [3mrss_mb[0m[2m=[0m2408 [3mhwm_mb[0m[2m=[0m2408
[2m2026-09-15T07:04:33.359223Z[0m [32m INFO[0m [2mmidnight_bench[0m[2m:[0m [3mstage[0m[2m=[0m"trace.permutations_commit.start" [3mrss_mb[0m[2m=[0m2408 [3mhwm_mb[0m[2m=[0m2408
[2m2026-09-15T07:04:35.343784Z[0m [32m INFO[0m [2mmidnight_bench[0m[2m:[0m [3mstage[0m[2m=[0m"trace.permutations_commit.end" [3mrss_mb[0m[2m=[0m2576 [3mhwm_mb[0m[2m=[0m2695
[2m2026-09-15T07:04:35.343811Z[0m [32m INFO[0m [2mmidnight_bench[0m[2m:[0m [3mstage[0m[2m=[0m"trace.lookups_product.start" [3mrss_mb[0m[2m=[0m2576 [3mhwm_mb[0m[2m=[0m2695
[2m2026-09-15T07:04:36.698322Z[0m [32m INFO[0m [2mmidnight_bench[0m[2m:[0m [3mstage[0m[2m=[0m"trace.lookups_product.end" [3mrss_mb[0m[2m=[0m2538 [3mhwm_mb[0m[2m=[0m2705
[2m2026-09-15T07:04:37.357923Z[0m [32m INFO[0m [2mmidnight_bench[0m[2m:[0m [3mstage[0m[2m=[0m"create_proof.compute_trace.end" [3mrss_mb[0m[2m=[0m2538 [3mhwm_mb[0m[2m=[0m2705
[2m2026-09-15T07:04:37.357949Z[0m [32m INFO[0m [2mmidnight_bench[0m[2m:[0m [3mstage[0m[2m=[0m"create_proof.finalise_proof.start" [3mrss_mb[0m[2m=[0m2538 [3mhwm_mb[0m[2m=[0m2705
[2m2026-09-15T07:04:37.357957Z[0m [32m INFO[0m [2mmidnight_bench[0m[2m:[0m [3mstage[0m[2m=[0m"finalise.compute_h_poly.start" [3mrss_mb[0m[2m=[0m2538 [3mhwm_mb[0m[2m=[0m2705
[2m2026-09-15T07:04:37.357966Z[0m [32m INFO[0m [2mmidnight_bench[0m[2m:[0m [3mstage[0m[2m=[0m"finalise.compute_h_poly.spill_advice_cosets.start" [3mrss_mb[0m[2m=[0m2538 [3mhwm_mb[0m[2m=[0m2705
[2m2026-09-15T07:04:38.831149Z[0m [32m INFO[0m [2mmidnight_bench[0m[2m:[0m [3mstage[0m[2m=[0m"finalise.compute_h_poly.spill_advice_cosets.end" [3mrss_mb[0m[2m=[0m2858 [3mhwm_mb[0m[2m=[0m2921
[2m2026-09-15T07:04:38.831193Z[0m [32m INFO[0m [2mmidnight_bench[0m[2m:[0m [3mstage[0m[2m=[0m"finalise.compute_h_poly.spill_instance_cosets.start" [3mrss_mb[0m[2m=[0m2858 [3mhwm_mb[0m[2m=[0m2921
[2m2026-09-15T07:04:39.429249Z[0m [32m INFO[0m [2mmidnight_bench[0m[2m:[0m [3mstage[0m[2m=[0m"finalise.compute_h_poly.spill_instance_cosets.end" [3mrss_mb[0m[2m=[0m2986 [3mhwm_mb[0m[2m=[0m3049
[2m2026-09-15T07:04:39.429279Z[0m [32m INFO[0m [2mmidnight_bench[0m[2m:[0m [3mstage[0m[2m=[0m"finalise.compute_h_poly.spill_fixed_cosets.start" [3mrss_mb[0m[2m=[0m2986 [3mhwm_mb[0m[2m=[0m3049
[2m2026-09-15T07:04:44.511273Z[0m [32m INFO[0m [2mmidnight_bench[0m[2m:[0m [3mstage[0m[2m=[0m"finalise.compute_h_poly.spill_fixed_cosets.end" [3mrss_mb[0m[2m=[0m4074 [3mhwm_mb[0m[2m=[0m4137
[2m2026-09-15T07:04:44.511300Z[0m [32m INFO[0m [2mmidnight_bench[0m[2m:[0m [3mstage[0m[2m=[0m"finalise.compute_h_poly.spill_perm_cosets.start" [3mrss_mb[0m[2m=[0m4074 [3mhwm_mb[0m[2m=[0m4137
[2m2026-09-15T07:04:47.080436Z[0m [32m INFO[0m [2mmidnight_bench[0m[2m:[0m [3mstage[0m[2m=[0m"finalise.compute_h_poly.spill_perm_cosets.end" [3mrss_mb[0m[2m=[0m4586 [3mhwm_mb[0m[2m=[0m4649
[2m2026-09-15T07:04:52.834704Z[0m [32m INFO[0m [2mmidnight_bench[0m[2m:[0m [3mstage[0m[2m=[0m"finalise.compute_h_poly.drop_cosets.end" [3mrss_mb[0m[2m=[0m4650 [3mhwm_mb[0m[2m=[0m4841
[2m2026-09-15T07:04:52.923849Z[0m [32m INFO[0m [2mmidnight_bench[0m[2m:[0m [3mstage[0m[2m=[0m"finalise.compute_h_poly.end" [3mrss_mb[0m[2m=[0m2602 [3mhwm_mb[0m[2m=[0m4841
[2m2026-09-15T07:04:52.923872Z[0m [32m INFO[0m [2mmidnight_bench[0m[2m:[0m [3mstage[0m[2m=[0m"finalise.vanishing_construct.start" [3mrss_mb[0m[2m=[0m2602 [3mhwm_mb[0m[2m=[0m4841
[2m2026-09-15T07:04:55.337088Z[0m [32m INFO[0m [2mmidnight_bench[0m[2m:[0m [3mstage[0m[2m=[0m"finalise.vanishing_construct.end" [3mrss_mb[0m[2m=[0m2554 [3mhwm_mb[0m[2m=[0m4841
[2m2026-09-15T07:04:55.545092Z[0m [32m INFO[0m [2mmidnight_bench[0m[2m:[0m [3mstage[0m[2m=[0m"finalise.compute_queries.start" [3mrss_mb[0m[2m=[0m2554 [3mhwm_mb[0m[2m=[0m4841
[2m2026-09-15T07:04:55.545189Z[0m [32m INFO[0m [2mmidnight_bench[0m[2m:[0m [3mstage[0m[2m=[0m"finalise.multi_open.start" [3mrss_mb[0m[2m=[0m2555 [3mhwm_mb[0m[2m=[0m4841
[2m2026-09-15T07:04:57.590958Z[0m [32m INFO[0m [2mmidnight_bench[0m[2m:[0m [3mstage[0m[2m=[0m"finalise.multi_open.end" [3mrss_mb[0m[2m=[0m2537 [3mhwm_mb[0m[2m=[0m4841
[2m2026-09-15T07:04:57.605538Z[0m [32m INFO[0m [2mmidnight_bench[0m[2m:[0m [3mstage[0m[2m=[0m"create_proof.finalise_proof.end" [3mrss_mb[0m[2m=[0m1985 [3mhwm_mb[0m[2m=[0m4841
[2m2026-09-15T07:04:57.974276Z[0m [32m INFO[0m [2mactix_web::middleware::logger[0m[2m:[0m 192.168.65.1 POST /prove HTTP/1.1; took 30.976399s
[2m2026-09-15T07:04:58.024139Z[0m [32m INFO[0m [2mmidnight_proof_server::endpoints[0m[2m:[0m Starting to process request for /prove...
[2m2026-09-15T07:05:00.673518Z[0m [32m INFO[0m [2mmidnight_bench[0m[2m:[0m [3mstage[0m[2m=[0m"create_proof.compute_trace.start" [3mrss_mb[0m[2m=[0m1999 [3mhwm_mb[0m[2m=[0m4841
[2m2026-09-15T07:05:00.673552Z[0m [32m INFO[0m [2mmidnight_bench[0m[2m:[0m [3mstage[0m[2m=[0m"trace.compute_instances.start" [3mrss_mb[0m[2m=[0m1999 [3mhwm_mb[0m[2m=[0m4841
[2m2026-09-15T07:05:00.753479Z[0m [32m INFO[0m [2mmidnight_bench[0m[2m:[0m [3mstage[0m[2m=[0m"trace.compute_instances.end" [3mrss_mb[0m[2m=[0m2015 [3mhwm_mb[0m[2m=[0m4841
[2m2026-09-15T07:05:00.753507Z[0m [32m INFO[0m [2mmidnight_bench[0m[2m:[0m [3mstage[0m[2m=[0m"trace.parse_advices.start" [3mrss_mb[0m[2m=[0m2015 [3mhwm_mb[0m[2m=[0m4841
[2m2026-09-15T07:05:00.880357Z[0m [32m INFO[0m [2mmidnight_bench[0m[2m:[0m [3mstage[0m[2m=[0m"trace.parse_advices.end" [3mrss_mb[0m[2m=[0m2211 [3mhwm_mb[0m[2m=[0m4841
[2m2026-09-15T07:05:00.880387Z[0m [32m INFO[0m [2mmidnight_bench[0m[2m:[0m [3mstage[0m[2m=[0m"trace.lookups_permuted.start" [3mrss_mb[0m[2m=[0m2211 [3mhwm_mb[0m[2m=[0m4841
[2m2026-09-15T07:05:01.428502Z[0m [32m INFO[0m [2mmidnight_bench[0m[2m:[0m [3mstage[0m[2m=[0m"trace.lookups_permuted.end" [3mrss_mb[0m[2m=[0m2499 [3mhwm_mb[0m[2m=[0m4841
[2m2026-09-15T07:05:01.428528Z[0m [32m INFO[0m [2mmidnight_bench[0m[2m:[0m [3mstage[0m[2m=[0m"trace.permutations_commit.start" [3mrss_mb[0m[2m=[0m2499 [3mhwm_mb[0m[2m=[0m4841
[2m2026-09-15T07:05:03.120589Z[0m [32m INFO[0m [2mmidnight_bench[0m[2m:[0m [3mstage[0m[2m=[0m"trace.permutations_commit.end" [3mrss_mb[0m[2m=[0m2601 [3mhwm_mb[0m[2m=[0m4841
[2m2026-09-15T07:05:03.120618Z[0m [32m INFO[0m [2mmidnight_bench[0m[2m:[0m [3mstage[0m[2m=[0m"trace.lookups_product.start" [3mrss_mb[0m[2m=[0m2601 [3mhwm_mb[0m[2m=[0m4841
[2m2026-09-15T07:05:04.500627Z[0m [32m INFO[0m [2mmidnight_bench[0m[2m:[0m [3mstage[0m[2m=[0m"trace.lookups_product.end" [3mrss_mb[0m[2m=[0m2617 [3mhwm_mb[0m[2m=[0m4841
[2m2026-09-15T07:05:05.188127Z[0m [32m INFO[0m [2mmidnight_bench[0m[2m:[0m [3mstage[0m[2m=[0m"create_proof.compute_trace.end" [3mrss_mb[0m[2m=[0m2617 [3mhwm_mb[0m[2m=[0m4841
[2m2026-09-15T07:05:05.188154Z[0m [32m INFO[0m [2mmidnight_bench[0m[2m:[0m [3mstage[0m[2m=[0m"create_proof.finalise_proof.start" [3mrss_mb[0m[2m=[0m2617 [3mhwm_mb[0m[2m=[0m4841
[2m2026-09-15T07:05:05.188162Z[0m [32m INFO[0m [2mmidnight_bench[0m[2m:[0m [3mstage[0m[2m=[0m"finalise.compute_h_poly.start" [3mrss_mb[0m[2m=[0m2617 [3mhwm_mb[0m[2m=[0m4841
[2m2026-09-15T07:05:05.188169Z[0m [32m INFO[0m [2mmidnight_bench[0m[2m:[0m [3mstage[0m[2m=[0m"finalise.compute_h_poly.spill_advice_cosets.start" [3mrss_mb[0m[2m=[0m2617 [3mhwm_mb[0m[2m=[0m4841
[2m2026-09-15T07:05:06.548447Z[0m [32m INFO[0m [2mmidnight_bench[0m[2m:[0m [3mstage[0m[2m=[0m"finalise.compute_h_poly.spill_advice_cosets.end" [3mrss_mb[0m[2m=[0m2937 [3mhwm_mb[0m[2m=[0m4841
[2m2026-09-15T07:05:06.548477Z[0m [32m INFO[0m [2mmidnight_bench[0m[2m:[0m [3mstage[0m[2m=[0m"finalise.compute_h_poly.spill_instance_cosets.start" [3mrss_mb[0m[2m=[0m2937 [3mhwm_mb[0m[2m=[0m4841
[2m2026-09-15T07:05:07.123243Z[0m [32m INFO[0m [2mmidnight_bench[0m[2m:[0m [3mstage[0m[2m=[0m"finalise.compute_h_poly.spill_instance_cosets.end" [3mrss_mb[0m[2m=[0m3065 [3mhwm_mb[0m[2m=[0m4841
[2m2026-09-15T07:05:07.123273Z[0m [32m INFO[0m [2mmidnight_bench[0m[2m:[0m [3mstage[0m[2m=[0m"finalise.compute_h_poly.spill_fixed_cosets.start" [3mrss_mb[0m[2m=[0m3065 [3mhwm_mb[0m[2m=[0m4841
[2m2026-09-15T07:05:11.933371Z[0m [32m INFO[0m [2mmidnight_bench[0m[2m:[0m [3mstage[0m[2m=[0m"finalise.compute_h_poly.spill_fixed_cosets.end" [3mrss_mb[0m[2m=[0m4153 [3mhwm_mb[0m[2m=[0m4841
[2m2026-09-15T07:05:11.933400Z[0m [32m INFO[0m [2mmidnight_bench[0m[2m:[0m [3mstage[0m[2m=[0m"finalise.compute_h_poly.spill_perm_cosets.start" [3mrss_mb[0m[2m=[0m4153 [3mhwm_mb[0m[2m=[0m4841
[2m2026-09-15T07:05:14.354793Z[0m [32m INFO[0m [2mmidnight_bench[0m[2m:[0m [3mstage[0m[2m=[0m"finalise.compute_h_poly.spill_perm_cosets.end" [3mrss_mb[0m[2m=[0m4665 [3mhwm_mb[0m[2m=[0m4841
[2m2026-09-15T07:05:19.938250Z[0m [32m INFO[0m [2mmidnight_bench[0m[2m:[0m [3mstage[0m[2m=[0m"finalise.compute_h_poly.drop_cosets.end" [3mrss_mb[0m[2m=[0m4729 [3mhwm_mb[0m[2m=[0m4920
[2m2026-09-15T07:05:20.024032Z[0m [32m INFO[0m [2mmidnight_bench[0m[2m:[0m [3mstage[0m[2m=[0m"finalise.compute_h_poly.end" [3mrss_mb[0m[2m=[0m2681 [3mhwm_mb[0m[2m=[0m4920
[2m2026-09-15T07:05:20.024064Z[0m [32m INFO[0m [2mmidnight_bench[0m[2m:[0m [3mstage[0m[2m=[0m"finalise.vanishing_construct.start" [3mrss_mb[0m[2m=[0m2681 [3mhwm_mb[0m[2m=[0m4920
[2m2026-09-15T07:05:22.552591Z[0m [32m INFO[0m [2mmidnight_bench[0m[2m:[0m [3mstage[0m[2m=[0m"finalise.vanishing_construct.end" [3mrss_mb[0m[2m=[0m2617 [3mhwm_mb[0m[2m=[0m4920
[2m2026-09-15T07:05:22.756951Z[0m [32m INFO[0m [2mmidnight_bench[0m[2m:[0m [3mstage[0m[2m=[0m"finalise.compute_queries.start" [3mrss_mb[0m[2m=[0m2617 [3mhwm_mb[0m[2m=[0m4920
[2m2026-09-15T07:05:22.757047Z[0m [32m INFO[0m [2mmidnight_bench[0m[2m:[0m [3mstage[0m[2m=[0m"finalise.multi_open.start" [3mrss_mb[0m[2m=[0m2617 [3mhwm_mb[0m[2m=[0m4920
[2m2026-09-15T07:05:25.045609Z[0m [32m INFO[0m [2mmidnight_bench[0m[2m:[0m [3mstage[0m[2m=[0m"finalise.multi_open.end" [3mrss_mb[0m[2m=[0m2601 [3mhwm_mb[0m[2m=[0m4920
[2m2026-09-15T07:05:25.065496Z[0m [32m INFO[0m [2mmidnight_bench[0m[2m:[0m [3mstage[0m[2m=[0m"create_proof.finalise_proof.end" [3mrss_mb[0m[2m=[0m2005 [3mhwm_mb[0m[2m=[0m4920
[2m2026-09-15T07:05:25.533443Z[0m [32m INFO[0m [2mactix_web::middleware::logger[0m[2m:[0m 192.168.65.1 POST /prove HTTP/1.1; took 27.509331s
[2m2026-09-15T07:05:25.535116Z[0m [32m INFO[0m [2mmidnight_proof_server::endpoints[0m[2m:[0m Starting to process request for /prove...
[2m2026-09-15T07:05:28.332059Z[0m [32m INFO[0m [2mmidnight_bench[0m[2m:[0m [3mstage[0m[2m=[0m"create_proof.compute_trace.start" [3mrss_mb[0m[2m=[0m2019 [3mhwm_mb[0m[2m=[0m4920
[2m2026-09-15T07:05:28.332094Z[0m [32m INFO[0m [2mmidnight_bench[0m[2m:[0m [3mstage[0m[2m=[0m"trace.compute_instances.start" [3mrss_mb[0m[2m=[0m2019 [3mhwm_mb[0m[2m=[0m4920
[2m2026-09-15T07:05:28.414535Z[0m [32m INFO[0m [2mmidnight_bench[0m[2m:[0m [3mstage[0m[2m=[0m"trace.compute_instances.end" [3mrss_mb[0m[2m=[0m2035 [3mhwm_mb[0m[2m=[0m4920
[2m2026-09-15T07:05:28.414568Z[0m [32m INFO[0m [2mmidnight_bench[0m[2m:[0m [3mstage[0m[2m=[0m"trace.parse_advices.start" [3mrss_mb[0m[2m=[0m2035 [3mhwm_mb[0m[2m=[0m4920
[2m2026-09-15T07:05:28.544635Z[0m [32m INFO[0m [2mmidnight_bench[0m[2m:[0m [3mstage[0m[2m=[0m"trace.parse_advices.end" [3mrss_mb[0m[2m=[0m2231 [3mhwm_mb[0m[2m=[0m4920
[2m2026-09-15T07:05:28.544665Z[0m [32m INFO[0m [2mmidnight_bench[0m[2m:[0m [3mstage[0m[2m=[0m"trace.lookups_permuted.start" [3mrss_mb[0m[2m=[0m2231 [3mhwm_mb[0m[2m=[0m4920
[2m2026-09-15T07:05:29.131476Z[0m [32m INFO[0m [2mmidnight_bench[0m[2m:[0m [3mstage[0m[2m=[0m"trace.lookups_permuted.end" [3mrss_mb[0m[2m=[0m2519 [3mhwm_mb[0m[2m=[0m4920
[2m2026-09-15T07:05:29.131508Z[0m [32m INFO[0m [2mmidnight_bench[0m[2m:[0m [3mstage[0m[2m=[0m"trace.permutations_commit.start" [3mrss_mb[0m[2m=[0m2519 [3mhwm_mb[0m[2m=[0m4920
[2m2026-09-15T07:05:30.961861Z[0m [32m INFO[0m [2mmidnight_bench[0m[2m:[0m [3mstage[0m[2m=[0m"trace.permutations_commit.end" [3mrss_mb[0m[2m=[0m2615 [3mhwm_mb[0m[2m=[0m4920
[2m2026-09-15T07:05:30.961890Z[0m [32m INFO[0m [2mmidnight_bench[0m[2m:[0m [3mstage[0m[2m=[0m"trace.lookups_product.start" [3mrss_mb[0m[2m=[0m2615 [3mhwm_mb[0m[2m=[0m4920
[2m2026-09-15T07:05:32.362136Z[0m [32m INFO[0m [2mmidnight_bench[0m[2m:[0m [3mstage[0m[2m=[0m"trace.lookups_product.end" [3mrss_mb[0m[2m=[0m2575 [3mhwm_mb[0m[2m=[0m4920
[2m2026-09-15T07:05:33.154116Z[0m [32m INFO[0m [2mmidnight_bench[0m[2m:[0m [3mstage[0m[2m=[0m"create_proof.compute_trace.end" [3mrss_mb[0m[2m=[0m2575 [3mhwm_mb[0m[2m=[0m4920
[2m2026-09-15T07:05:33.154161Z[0m [32m INFO[0m [2mmidnight_bench[0m[2m:[0m [3mstage[0m[2m=[0m"create_proof.finalise_proof.start" [3mrss_mb[0m[2m=[0m2575 [3mhwm_mb[0m[2m=[0m4920
[2m2026-09-15T07:05:33.154171Z[0m [32m INFO[0m [2mmidnight_bench[0m[2m:[0m [3mstage[0m[2m=[0m"finalise.compute_h_poly.start" [3mrss_mb[0m[2m=[0m2575 [3mhwm_mb[0m[2m=[0m4920
[2m2026-09-15T07:05:33.154179Z[0m [32m INFO[0m [2mmidnight_bench[0m[2m:[0m [3mstage[0m[2m=[0m"finalise.compute_h_poly.spill_advice_cosets.start" [3mrss_mb[0m[2m=[0m2575 [3mhwm_mb[0m[2m=[0m4920
[2m2026-09-15T07:05:34.794897Z[0m [32m INFO[0m [2mmidnight_bench[0m[2m:[0m [3mstage[0m[2m=[0m"finalise.compute_h_poly.spill_advice_cosets.end" [3mrss_mb[0m[2m=[0m2895 [3mhwm_mb[0m[2m=[0m4920
[2m2026-09-15T07:05:34.795000Z[0m [32m INFO[0m [2mmidnight_bench[0m[2m:[0m [3mstage[0m[2m=[0m"finalise.compute_h_poly.spill_instance_cosets.start" [3mrss_mb[0m[2m=[0m2895 [3mhwm_mb[0m[2m=[0m4920
[2m2026-09-15T07:05:35.807299Z[0m [32m INFO[0m [2mmidnight_bench[0m[2m:[0m [3mstage[0m[2m=[0m"finalise.compute_h_poly.spill_instance_cosets.end" [3mrss_mb[0m[2m=[0m3023 [3mhwm_mb[0m[2m=[0m4920
[2m2026-09-15T07:05:35.807331Z[0m [32m INFO[0m [2mmidnight_bench[0m[2m:[0m [3mstage[0m[2m=[0m"finalise.compute_h_poly.spill_fixed_cosets.start" [3mrss_mb[0m[2m=[0m3023 [3mhwm_mb[0m[2m=[0m4920
[2m2026-09-15T07:05:41.022427Z[0m [32m INFO[0m [2mmidnight_bench[0m[2m:[0m [3mstage[0m[2m=[0m"finalise.compute_h_poly.spill_fixed_cosets.end" [3mrss_mb[0m[2m=[0m4111 [3mhwm_mb[0m[2m=[0m4920
[2m2026-09-15T07:05:41.022467Z[0m [32m INFO[0m [2mmidnight_bench[0m[2m:[0m [3mstage[0m[2m=[0m"finalise.compute_h_poly.spill_perm_cosets.start" [3mrss_mb[0m[2m=[0m4111 [3mhwm_mb[0m[2m=[0m4920
[2m2026-09-15T07:05:43.274759Z[0m [32m INFO[0m [2mmidnight_bench[0m[2m:[0m [3mstage[0m[2m=[0m"finalise.compute_h_poly.spill_perm_cosets.end" [3mrss_mb[0m[2m=[0m4623 [3mhwm_mb[0m[2m=[0m4920
[2m2026-09-15T07:05:48.497876Z[0m [32m INFO[0m [2mmidnight_bench[0m[2m:[0m [3mstage[0m[2m=[0m"finalise.compute_h_poly.drop_cosets.end" [3mrss_mb[0m[2m=[0m4687 [3mhwm_mb[0m[2m=[0m4920
[2m2026-09-15T07:05:48.587614Z[0m [32m INFO[0m [2mmidnight_bench[0m[2m:[0m [3mstage[0m[2m=[0m"finalise.compute_h_poly.end" [3mrss_mb[0m[2m=[0m2639 [3mhwm_mb[0m[2m=[0m4920
[2m2026-09-15T07:05:48.587645Z[0m [32m INFO[0m [2mmidnight_bench[0m[2m:[0m [3mstage[0m[2m=[0m"finalise.vanishing_construct.start" [3mrss_mb[0m[2m=[0m2639 [3mhwm_mb[0m[2m=[0m4920
[2m2026-09-15T07:05:51.080422Z[0m [32m INFO[0m [2mmidnight_bench[0m[2m:[0m [3mstage[0m[2m=[0m"finalise.vanishing_construct.end" [3mrss_mb[0m[2m=[0m2607 [3mhwm_mb[0m[2m=[0m4920
[2m2026-09-15T07:05:51.246305Z[0m [32m INFO[0m [2mmidnight_bench[0m[2m:[0m [3mstage[0m[2m=[0m"finalise.compute_queries.start" [3mrss_mb[0m[2m=[0m2575 [3mhwm_mb[0m[2m=[0m4920
[2m2026-09-15T07:05:51.246402Z[0m [32m INFO[0m [2mmidnight_bench[0m[2m:[0m [3mstage[0m[2m=[0m"finalise.multi_open.start" [3mrss_mb[0m[2m=[0m2575 [3mhwm_mb[0m[2m=[0m4920
[2m2026-09-15T07:05:52.966823Z[0m [32m INFO[0m [2mmidnight_bench[0m[2m:[0m [3mstage[0m[2m=[0m"finalise.multi_open.end" [3mrss_mb[0m[2m=[0m2559 [3mhwm_mb[0m[2m=[0m4920
[2m2026-09-15T07:05:52.979314Z[0m [32m INFO[0m [2mmidnight_bench[0m[2m:[0m [3mstage[0m[2m=[0m"create_proof.finalise_proof.end" [3mrss_mb[0m[2m=[0m2019 [3mhwm_mb[0m[2m=[0m4920
[2m2026-09-15T07:05:53.335259Z[0m [32m INFO[0m [2mactix_web::middleware::logger[0m[2m:[0m 192.168.65.1 POST /prove HTTP/1.1; took 27.800162s
[2m2026-09-15T07:05:53.337801Z[0m [32m INFO[0m [2mmidnight_proof_server::endpoints[0m[2m:[0m Starting to process request for /prove...
[2m2026-09-15T07:05:55.918607Z[0m [32m INFO[0m [2mmidnight_bench[0m[2m:[0m [3mstage[0m[2m=[0m"create_proof.compute_trace.start" [3mrss_mb[0m[2m=[0m2036 [3mhwm_mb[0m[2m=[0m4920
[2m2026-09-15T07:05:55.918645Z[0m [32m INFO[0m [2mmidnight_bench[0m[2m:[0m [3mstage[0m[2m=[0m"trace.compute_instances.start" [3mrss_mb[0m[2m=[0m2036 [3mhwm_mb[0m[2m=[0m4920
[2m2026-09-15T07:05:55.996869Z[0m [32m INFO[0m [2mmidnight_bench[0m[2m:[0m [3mstage[0m[2m=[0m"trace.compute_instances.end" [3mrss_mb[0m[2m=[0m2052 [3mhwm_mb[0m[2m=[0m4920
[2m2026-09-15T07:05:55.996904Z[0m [32m INFO[0m [2mmidnight_bench[0m[2m:[0m [3mstage[0m[2m=[0m"trace.parse_advices.start" [3mrss_mb[0m[2m=[0m2052 [3mhwm_mb[0m[2m=[0m4920
[2m2026-09-15T07:05:56.121603Z[0m [32m INFO[0m [2mmidnight_bench[0m[2m:[0m [3mstage[0m[2m=[0m"trace.parse_advices.end" [3mrss_mb[0m[2m=[0m2248 [3mhwm_mb[0m[2m=[0m4920
[2m2026-09-15T07:05:56.121655Z[0m [32m INFO[0m [2mmidnight_bench[0m[2m:[0m [3mstage[0m[2m=[0m"trace.lookups_permuted.start" [3mrss_mb[0m[2m=[0m2248 [3mhwm_mb[0m[2m=[0m4920
[2m2026-09-15T07:05:56.665296Z[0m [32m INFO[0m [2mmidnight_bench[0m[2m:[0m [3mstage[0m[2m=[0m"trace.lookups_permuted.end" [3mrss_mb[0m[2m=[0m2536 [3mhwm_mb[0m[2m=[0m4920
[2m2026-09-15T07:05:56.665334Z[0m [32m INFO[0m [2mmidnight_bench[0m[2m:[0m [3mstage[0m[2m=[0m"trace.permutations_commit.start" [3mrss_mb[0m[2m=[0m2536 [3mhwm_mb[0m[2m=[0m4920
[2m2026-09-15T07:05:58.383240Z[0m [32m INFO[0m [2mmidnight_bench[0m[2m:[0m [3mstage[0m[2m=[0m"trace.permutations_commit.end" [3mrss_mb[0m[2m=[0m2632 [3mhwm_mb[0m[2m=[0m4920
[2m2026-09-15T07:05:58.383268Z[0m [32m INFO[0m [2mmidnight_bench[0m[2m:[0m [3mstage[0m[2m=[0m"trace.lookups_product.start" [3mrss_mb[0m[2m=[0m2632 [3mhwm_mb[0m[2m=[0m4920
[2m2026-09-15T07:05:59.763767Z[0m [32m INFO[0m [2mmidnight_bench[0m[2m:[0m [3mstage[0m[2m=[0m"trace.lookups_product.end" [3mrss_mb[0m[2m=[0m2592 [3mhwm_mb[0m[2m=[0m4920
[2m2026-09-15T07:06:00.495100Z[0m [32m INFO[0m [2mmidnight_bench[0m[2m:[0m [3mstage[0m[2m=[0m"create_proof.compute_trace.end" [3mrss_mb[0m[2m=[0m2592 [3mhwm_mb[0m[2m=[0m4920
[2m2026-09-15T07:06:00.495124Z[0m [32m INFO[0m [2mmidnight_bench[0m[2m:[0m [3mstage[0m[2m=[0m"create_proof.finalise_proof.start" [3mrss_mb[0m[2m=[0m2592 [3mhwm_mb[0m[2m=[0m4920
[2m2026-09-15T07:06:00.495131Z[0m [32m INFO[0m [2mmidnight_bench[0m[2m:[0m [3mstage[0m[2m=[0m"finalise.compute_h_poly.start" [3mrss_mb[0m[2m=[0m2592 [3mhwm_mb[0m[2m=[0m4920
[2m2026-09-15T07:06:00.495138Z[0m [32m INFO[0m [2mmidnight_bench[0m[2m:[0m [3mstage[0m[2m=[0m"finalise.compute_h_poly.spill_advice_cosets.start" [3mrss_mb[0m[2m=[0m2592 [3mhwm_mb[0m[2m=[0m4920
[2m2026-09-15T07:06:01.984243Z[0m [32m INFO[0m [2mmidnight_bench[0m[2m:[0m [3mstage[0m[2m=[0m"finalise.compute_h_poly.spill_advice_cosets.end" [3mrss_mb[0m[2m=[0m2912 [3mhwm_mb[0m[2m=[0m4920
[2m2026-09-15T07:06:01.984280Z[0m [32m INFO[0m [2mmidnight_bench[0m[2m:[0m [3mstage[0m[2m=[0m"finalise.compute_h_poly.spill_instance_cosets.start" [3mrss_mb[0m[2m=[0m2912 [3mhwm_mb[0m[2m=[0m4920
[2m2026-09-15T07:06:02.567300Z[0m [32m INFO[0m [2mmidnight_bench[0m[2m:[0m [3mstage[0m[2m=[0m"finalise.compute_h_poly.spill_instance_cosets.end" [3mrss_mb[0m[2m=[0m3040 [3mhwm_mb[0m[2m=[0m4920
[2m2026-09-15T07:06:02.567325Z[0m [32m INFO[0m [2mmidnight_bench[0m[2m:[0m [3mstage[0m[2m=[0m"finalise.compute_h_poly.spill_fixed_cosets.start" [3mrss_mb[0m[2m=[0m3040 [3mhwm_mb[0m[2m=[0m4920
[2m2026-09-15T07:06:07.488834Z[0m [32m INFO[0m [2mmidnight_bench[0m[2m:[0m [3mstage[0m[2m=[0m"finalise.compute_h_poly.spill_fixed_cosets.end" [3mrss_mb[0m[2m=[0m4128 [3mhwm_mb[0m[2m=[0m4920
[2m2026-09-15T07:06:07.488860Z[0m [32m INFO[0m [2mmidnight_bench[0m[2m:[0m [3mstage[0m[2m=[0m"finalise.compute_h_poly.spill_perm_cosets.start" [3mrss_mb[0m[2m=[0m4128 [3mhwm_mb[0m[2m=[0m4920
[2m2026-09-15T07:06:09.850964Z[0m [32m INFO[0m [2mmidnight_bench[0m[2m:[0m [3mstage[0m[2m=[0m"finalise.compute_h_poly.spill_perm_cosets.end" [3mrss_mb[0m[2m=[0m4640 [3mhwm_mb[0m[2m=[0m4920
[2m2026-09-15T07:06:15.456124Z[0m [32m INFO[0m [2mmidnight_bench[0m[2m:[0m [3mstage[0m[2m=[0m"finalise.compute_h_poly.drop_cosets.end" [3mrss_mb[0m[2m=[0m4704 [3mhwm_mb[0m[2m=[0m4920
[2m2026-09-15T07:06:15.545728Z[0m [32m INFO[0m [2mmidnight_bench[0m[2m:[0m [3mstage[0m[2m=[0m"finalise.compute_h_poly.end" [3mrss_mb[0m[2m=[0m2656 [3mhwm_mb[0m[2m=[0m4920
[2m2026-09-15T07:06:15.545757Z[0m [32m INFO[0m [2mmidnight_bench[0m[2m:[0m [3mstage[0m[2m=[0m"finalise.vanishing_construct.start" [3mrss_mb[0m[2m=[0m2656 [3mhwm_mb[0m[2m=[0m4920
[2m2026-09-15T07:06:17.919440Z[0m [32m INFO[0m [2mmidnight_bench[0m[2m:[0m [3mstage[0m[2m=[0m"finalise.vanishing_construct.end" [3mrss_mb[0m[2m=[0m2624 [3mhwm_mb[0m[2m=[0m4920
[2m2026-09-15T07:06:18.096973Z[0m [32m INFO[0m [2mmidnight_bench[0m[2m:[0m [3mstage[0m[2m=[0m"finalise.compute_queries.start" [3mrss_mb[0m[2m=[0m2592 [3mhwm_mb[0m[2m=[0m4920
[2m2026-09-15T07:06:18.097064Z[0m [32m INFO[0m [2mmidnight_bench[0m[2m:[0m [3mstage[0m[2m=[0m"finalise.multi_open.start" [3mrss_mb[0m[2m=[0m2592 [3mhwm_mb[0m[2m=[0m4920
[2m2026-09-15T07:06:19.898607Z[0m [32m INFO[0m [2mmidnight_bench[0m[2m:[0m [3mstage[0m[2m=[0m"finalise.multi_open.end" [3mrss_mb[0m[2m=[0m2576 [3mhwm_mb[0m[2m=[0m4920
[2m2026-09-15T07:06:19.910506Z[0m [32m INFO[0m [2mmidnight_bench[0m[2m:[0m [3mstage[0m[2m=[0m"create_proof.finalise_proof.end" [3mrss_mb[0m[2m=[0m2036 [3mhwm_mb[0m[2m=[0m4920
[2m2026-09-15T07:06:20.270937Z[0m [32m INFO[0m [2mactix_web::middleware::logger[0m[2m:[0m 192.168.65.1 POST /prove HTTP/1.1; took 26.933155s
[2m2026-09-15T07:06:20.318059Z[0m [32m INFO[0m [2mmidnight_proof_server::endpoints[0m[2m:[0m Starting to process request for /prove...
[2m2026-09-15T07:06:22.930457Z[0m [32m INFO[0m [2mmidnight_bench[0m[2m:[0m [3mstage[0m[2m=[0m"create_proof.compute_trace.start" [3mrss_mb[0m[2m=[0m2057 [3mhwm_mb[0m[2m=[0m4920
[2m2026-09-15T07:06:22.930493Z[0m [32m INFO[0m [2mmidnight_bench[0m[2m:[0m [3mstage[0m[2m=[0m"trace.compute_instances.start" [3mrss_mb[0m[2m=[0m2057 [3mhwm_mb[0m[2m=[0m4920
[2m2026-09-15T07:06:23.010528Z[0m [32m INFO[0m [2mmidnight_bench[0m[2m:[0m [3mstage[0m[2m=[0m"trace.compute_instances.end" [3mrss_mb[0m[2m=[0m2073 [3mhwm_mb[0m[2m=[0m4920
[2m2026-09-15T07:06:23.010556Z[0m [32m INFO[0m [2mmidnight_bench[0m[2m:[0m [3mstage[0m[2m=[0m"trace.parse_advices.start" [3mrss_mb[0m[2m=[0m2073 [3mhwm_mb[0m[2m=[0m4920
[2m2026-09-15T07:06:23.138028Z[0m [32m INFO[0m [2mmidnight_bench[0m[2m:[0m [3mstage[0m[2m=[0m"trace.parse_advices.end" [3mrss_mb[0m[2m=[0m2269 [3mhwm_mb[0m[2m=[0m4920
[2m2026-09-15T07:06:23.138054Z[0m [32m INFO[0m [2mmidnight_bench[0m[2m:[0m [3mstage[0m[2m=[0m"trace.lookups_permuted.start" [3mrss_mb[0m[2m=[0m2269 [3mhwm_mb[0m[2m=[0m4920
[2m2026-09-15T07:06:23.686981Z[0m [32m INFO[0m [2mmidnight_bench[0m[2m:[0m [3mstage[0m[2m=[0m"trace.lookups_permuted.end" [3mrss_mb[0m[2m=[0m2557 [3mhwm_mb[0m[2m=[0m4920
[2m2026-09-15T07:06:23.687012Z[0m [32m INFO[0m [2mmidnight_bench[0m[2m:[0m [3mstage[0m[2m=[0m"trace.permutations_commit.start" [3mrss_mb[0m[2m=[0m2557 [3mhwm_mb[0m[2m=[0m4920
[2m2026-09-15T07:06:25.346582Z[0m [32m INFO[0m [2mmidnight_bench[0m[2m:[0m [3mstage[0m[2m=[0m"trace.permutations_commit.end" [3mrss_mb[0m[2m=[0m2653 [3mhwm_mb[0m[2m=[0m4920
[2m2026-09-15T07:06:25.346609Z[0m [32m INFO[0m [2mmidnight_bench[0m[2m:[0m [3mstage[0m[2m=[0m"trace.lookups_product.start" [3mrss_mb[0m[2m=[0m2653 [3mhwm_mb[0m[2m=[0m4920
[2m2026-09-15T07:06:26.687260Z[0m [32m INFO[0m [2mmidnight_bench[0m[2m:[0m [3mstage[0m[2m=[0m"trace.lookups_product.end" [3mrss_mb[0m[2m=[0m2615 [3mhwm_mb[0m[2m=[0m4920
[2m2026-09-15T07:06:27.332745Z[0m [32m INFO[0m [2mmidnight_bench[0m[2m:[0m [3mstage[0m[2m=[0m"create_proof.compute_trace.end" [3mrss_mb[0m[2m=[0m2615 [3mhwm_mb[0m[2m=[0m4920
[2m2026-09-15T07:06:27.332771Z[0m [32m INFO[0m [2mmidnight_bench[0m[2m:[0m [3mstage[0m[2m=[0m"create_proof.finalise_proof.start" [3mrss_mb[0m[2m=[0m2615 [3mhwm_mb[0m[2m=[0m4920
[2m2026-09-15T07:06:27.332779Z[0m [32m INFO[0m [2mmidnight_bench[0m[2m:[0m [3mstage[0m[2m=[0m"finalise.compute_h_poly.start" [3mrss_mb[0m[2m=[0m2615 [3mhwm_mb[0m[2m=[0m4920
[2m2026-09-15T07:06:27.332786Z[0m [32m INFO[0m [2mmidnight_bench[0m[2m:[0m [3mstage[0m[2m=[0m"finalise.compute_h_poly.spill_advice_cosets.start" [3mrss_mb[0m[2m=[0m2615 [3mhwm_mb[0m[2m=[0m4920
[2m2026-09-15T07:06:28.725909Z[0m [32m INFO[0m [2mmidnight_bench[0m[2m:[0m [3mstage[0m[2m=[0m"finalise.compute_h_poly.spill_advice_cosets.end" [3mrss_mb[0m[2m=[0m2935 [3mhwm_mb[0m[2m=[0m4920
[2m2026-09-15T07:06:28.725941Z[0m [32m INFO[0m [2mmidnight_bench[0m[2m:[0m [3mstage[0m[2m=[0m"finalise.compute_h_poly.spill_instance_cosets.start" [3mrss_mb[0m[2m=[0m2935 [3mhwm_mb[0m[2m=[0m4920
[2m2026-09-15T07:06:29.316078Z[0m [32m INFO[0m [2mmidnight_bench[0m[2m:[0m [3mstage[0m[2m=[0m"finalise.compute_h_poly.spill_instance_cosets.end" [3mrss_mb[0m[2m=[0m3063 [3mhwm_mb[0m[2m=[0m4920
[2m2026-09-15T07:06:29.316291Z[0m [32m INFO[0m [2mmidnight_bench[0m[2m:[0m [3mstage[0m[2m=[0m"finalise.compute_h_poly.spill_fixed_cosets.start" [3mrss_mb[0m[2m=[0m3063 [3mhwm_mb[0m[2m=[0m4920
[2m2026-09-15T07:06:34.136197Z[0m [32m INFO[0m [2mmidnight_bench[0m[2m:[0m [3mstage[0m[2m=[0m"finalise.compute_h_poly.spill_fixed_cosets.end" [3mrss_mb[0m[2m=[0m4151 [3mhwm_mb[0m[2m=[0m4920
[2m2026-09-15T07:06:34.136223Z[0m [32m INFO[0m [2mmidnight_bench[0m[2m:[0m [3mstage[0m[2m=[0m"finalise.compute_h_poly.spill_perm_cosets.start" [3mrss_mb[0m[2m=[0m4151 [3mhwm_mb[0m[2m=[0m4920
[2m2026-09-15T07:06:36.408803Z[0m [32m INFO[0m [2mmidnight_bench[0m[2m:[0m [3mstage[0m[2m=[0m"finalise.compute_h_poly.spill_perm_cosets.end" [3mrss_mb[0m[2m=[0m4663 [3mhwm_mb[0m[2m=[0m4920
[2m2026-09-15T07:06:41.691503Z[0m [32m INFO[0m [2mmidnight_bench[0m[2m:[0m [3mstage[0m[2m=[0m"finalise.compute_h_poly.drop_cosets.end" [3mrss_mb[0m[2m=[0m4727 [3mhwm_mb[0m[2m=[0m4920
[2m2026-09-15T07:06:41.786426Z[0m [32m INFO[0m [2mmidnight_bench[0m[2m:[0m [3mstage[0m[2m=[0m"finalise.compute_h_poly.end" [3mrss_mb[0m[2m=[0m2679 [3mhwm_mb[0m[2m=[0m4920
[2m2026-09-15T07:06:41.786455Z[0m [32m INFO[0m [2mmidnight_bench[0m[2m:[0m [3mstage[0m[2m=[0m"finalise.vanishing_construct.start" [3mrss_mb[0m[2m=[0m2679 [3mhwm_mb[0m[2m=[0m4920
[2m2026-09-15T07:06:44.185462Z[0m [32m INFO[0m [2mmidnight_bench[0m[2m:[0m [3mstage[0m[2m=[0m"finalise.vanishing_construct.end" [3mrss_mb[0m[2m=[0m2647 [3mhwm_mb[0m[2m=[0m4920
[2m2026-09-15T07:06:44.367119Z[0m [32m INFO[0m [2mmidnight_bench[0m[2m:[0m [3mstage[0m[2m=[0m"finalise.compute_queries.start" [3mrss_mb[0m[2m=[0m2615 [3mhwm_mb[0m[2m=[0m4920
[2m2026-09-15T07:06:44.367206Z[0m [32m INFO[0m [2mmidnight_bench[0m[2m:[0m [3mstage[0m[2m=[0m"finalise.multi_open.start" [3mrss_mb[0m[2m=[0m2615 [3mhwm_mb[0m[2m=[0m4920
[2m2026-09-15T07:06:46.217413Z[0m [32m INFO[0m [2mmidnight_bench[0m[2m:[0m [3mstage[0m[2m=[0m"finalise.multi_open.end" [3mrss_mb[0m[2m=[0m2597 [3mhwm_mb[0m[2m=[0m4920
[2m2026-09-15T07:06:46.228714Z[0m [32m INFO[0m [2mmidnight_bench[0m[2m:[0m [3mstage[0m[2m=[0m"create_proof.finalise_proof.end" [3mrss_mb[0m[2m=[0m2057 [3mhwm_mb[0m[2m=[0m4920
[2m2026-09-15T07:06:46.588368Z[0m [32m INFO[0m [2mactix_web::middleware::logger[0m[2m:[0m 192.168.65.1 POST /prove HTTP/1.1; took 26.270334s
