[2m2026-09-15T06:35:11.539050Z[0m [32m INFO[0m [2mactix_server::builder[0m[2m:[0m starting 12 workers
[2m2026-09-15T06:35:11.539190Z[0m [32m INFO[0m [2mactix_server::server[0m[2m:[0m Actix runtime found; starting in Actix runtime
[2m2026-09-15T06:35:11.539206Z[0m [32m INFO[0m [2mactix_server::server[0m[2m:[0m starting service: "actix-web-service-0.0.0.0:6311", workers: 12, listening on: 0.0.0.0:6311
[2m2026-09-15T06:35:11.645482Z[0m [32m INFO[0m [2mactix_web::middleware::logger[0m[2m:[0m 192.168.65.1 GET /health HTTP/1.1; took 0.000781s
[2m2026-09-15T06:35:11.646626Z[0m [32m INFO[0m [2mactix_web::middleware::logger[0m[2m:[0m 192.168.65.1 GET /ready HTTP/1.1; took 0.000035s
[2m2026-09-15T06:35:11.648180Z[0m [32m INFO[0m [2mmidnight_proof_server::endpoints[0m[2m:[0m Starting to process request for /prove...
[2m2026-09-15T06:35:16.788870Z[0m [32m INFO[0m [2mmidnight_bench[0m[2m:[0m [3mstage[0m[2m=[0m"create_proof.compute_trace.start" [3mrss_mb[0m[2m=[0m1864 [3mhwm_mb[0m[2m=[0m2102
[2m2026-09-15T06:35:16.788909Z[0m [32m INFO[0m [2mmidnight_bench[0m[2m:[0m [3mstage[0m[2m=[0m"trace.compute_instances.start" [3mrss_mb[0m[2m=[0m1864 [3mhwm_mb[0m[2m=[0m2102
[2m2026-09-15T06:35:16.866783Z[0m [32m INFO[0m [2mmidnight_bench[0m[2m:[0m [3mstage[0m[2m=[0m"trace.compute_instances.end" [3mrss_mb[0m[2m=[0m1928 [3mhwm_mb[0m[2m=[0m2102
[2m2026-09-15T06:35:16.866812Z[0m [32m INFO[0m [2mmidnight_bench[0m[2m:[0m [3mstage[0m[2m=[0m"trace.parse_advices.start" [3mrss_mb[0m[2m=[0m1928 [3mhwm_mb[0m[2m=[0m2102
[2m2026-09-15T06:35:16.966669Z[0m [32m INFO[0m [2mmidnight_bench[0m[2m:[0m [3mstage[0m[2m=[0m"trace.parse_advices.end" [3mrss_mb[0m[2m=[0m2088 [3mhwm_mb[0m[2m=[0m2303
[2m2026-09-15T06:35:16.966693Z[0m [32m INFO[0m [2mmidnight_bench[0m[2m:[0m [3mstage[0m[2m=[0m"trace.lookups_permuted.start" [3mrss_mb[0m[2m=[0m2088 [3mhwm_mb[0m[2m=[0m2303
[2m2026-09-15T06:35:17.498501Z[0m [32m INFO[0m [2mmidnight_bench[0m[2m:[0m [3mstage[0m[2m=[0m"trace.lookups_permuted.end" [3mrss_mb[0m[2m=[0m2414 [3mhwm_mb[0m[2m=[0m2414
[2m2026-09-15T06:35:17.498526Z[0m [32m INFO[0m [2mmidnight_bench[0m[2m:[0m [3mstage[0m[2m=[0m"trace.permutations_commit.start" [3mrss_mb[0m[2m=[0m2414 [3mhwm_mb[0m[2m=[0m2414
[2m2026-09-15T06:35:19.287761Z[0m [32m INFO[0m [2mmidnight_bench[0m[2m:[0m [3mstage[0m[2m=[0m"trace.permutations_commit.end" [3mrss_mb[0m[2m=[0m2582 [3mhwm_mb[0m[2m=[0m2701
[2m2026-09-15T06:35:19.287789Z[0m [32m INFO[0m [2mmidnight_bench[0m[2m:[0m [3mstage[0m[2m=[0m"trace.lookups_product.start" [3mrss_mb[0m[2m=[0m2582 [3mhwm_mb[0m[2m=[0m2701
[2m2026-09-15T06:35:20.695676Z[0m [32m INFO[0m [2mmidnight_bench[0m[2m:[0m [3mstage[0m[2m=[0m"trace.lookups_product.end" [3mrss_mb[0m[2m=[0m2538 [3mhwm_mb[0m[2m=[0m2711
[2m2026-09-15T06:35:21.406305Z[0m [32m INFO[0m [2mmidnight_bench[0m[2m:[0m [3mstage[0m[2m=[0m"create_proof.compute_trace.end" [3mrss_mb[0m[2m=[0m2548 [3mhwm_mb[0m[2m=[0m2711
[2m2026-09-15T06:35:21.406329Z[0m [32m INFO[0m [2mmidnight_bench[0m[2m:[0m [3mstage[0m[2m=[0m"create_proof.finalise_proof.start" [3mrss_mb[0m[2m=[0m2548 [3mhwm_mb[0m[2m=[0m2711
[2m2026-09-15T06:35:21.406337Z[0m [32m INFO[0m [2mmidnight_bench[0m[2m:[0m [3mstage[0m[2m=[0m"finalise.compute_h_poly.start" [3mrss_mb[0m[2m=[0m2548 [3mhwm_mb[0m[2m=[0m2711
[2m2026-09-15T06:35:21.406344Z[0m [32m INFO[0m [2mmidnight_bench[0m[2m:[0m [3mstage[0m[2m=[0m"finalise.compute_h_poly.spill_advice_cosets.start" [3mrss_mb[0m[2m=[0m2548 [3mhwm_mb[0m[2m=[0m2711
[2m2026-09-15T06:35:22.588284Z[0m [32m INFO[0m [2mmidnight_bench[0m[2m:[0m [3mstage[0m[2m=[0m"finalise.compute_h_poly.spill_advice_cosets.end" [3mrss_mb[0m[2m=[0m2868 [3mhwm_mb[0m[2m=[0m2932
[2m2026-09-15T06:35:22.588314Z[0m [32m INFO[0m [2mmidnight_bench[0m[2m:[0m [3mstage[0m[2m=[0m"finalise.compute_h_poly.spill_instance_cosets.start" [3mrss_mb[0m[2m=[0m2868 [3mhwm_mb[0m[2m=[0m2932
[2m2026-09-15T06:35:23.048438Z[0m [32m INFO[0m [2mmidnight_bench[0m[2m:[0m [3mstage[0m[2m=[0m"finalise.compute_h_poly.spill_instance_cosets.end" [3mrss_mb[0m[2m=[0m2996 [3mhwm_mb[0m[2m=[0m3060
[2m2026-09-15T06:35:23.048463Z[0m [32m INFO[0m [2mmidnight_bench[0m[2m:[0m [3mstage[0m[2m=[0m"finalise.compute_h_poly.spill_fixed_cosets.start" [3mrss_mb[0m[2m=[0m2996 [3mhwm_mb[0m[2m=[0m3060
[2m2026-09-15T06:35:26.889382Z[0m [32m INFO[0m [2mmidnight_bench[0m[2m:[0m [3mstage[0m[2m=[0m"finalise.compute_h_poly.spill_fixed_cosets.end" [3mrss_mb[0m[2m=[0m4084 [3mhwm_mb[0m[2m=[0m4148
[2m2026-09-15T06:35:26.889408Z[0m [32m INFO[0m [2mmidnight_bench[0m[2m:[0m [3mstage[0m[2m=[0m"finalise.compute_h_poly.spill_perm_cosets.start" [3mrss_mb[0m[2m=[0m4084 [3mhwm_mb[0m[2m=[0m4148
[2m2026-09-15T06:35:28.929487Z[0m [32m INFO[0m [2mmidnight_bench[0m[2m:[0m [3mstage[0m[2m=[0m"finalise.compute_h_poly.spill_perm_cosets.end" [3mrss_mb[0m[2m=[0m4596 [3mhwm_mb[0m[2m=[0m4660
[2m2026-09-15T06:35:34.005441Z[0m [32m INFO[0m [2mmidnight_bench[0m[2m:[0m [3mstage[0m[2m=[0m"finalise.compute_h_poly.drop_cosets.end" [3mrss_mb[0m[2m=[0m4660 [3mhwm_mb[0m[2m=[0m4852
[2m2026-09-15T06:35:34.089605Z[0m [32m INFO[0m [2mmidnight_bench[0m[2m:[0m [3mstage[0m[2m=[0m"finalise.compute_h_poly.end" [3mrss_mb[0m[2m=[0m2612 [3mhwm_mb[0m[2m=[0m4852
[2m2026-09-15T06:35:34.089631Z[0m [32m INFO[0m [2mmidnight_bench[0m[2m:[0m [3mstage[0m[2m=[0m"finalise.vanishing_construct.start" [3mrss_mb[0m[2m=[0m2612 [3mhwm_mb[0m[2m=[0m4852
[2m2026-09-15T06:35:36.612875Z[0m [32m INFO[0m [2mmidnight_bench[0m[2m:[0m [3mstage[0m[2m=[0m"finalise.vanishing_construct.end" [3mrss_mb[0m[2m=[0m2566 [3mhwm_mb[0m[2m=[0m4852
[2m2026-09-15T06:35:36.895879Z[0m [32m INFO[0m [2mmidnight_bench[0m[2m:[0m [3mstage[0m[2m=[0m"finalise.compute_queries.start" [3mrss_mb[0m[2m=[0m2566 [3mhwm_mb[0m[2m=[0m4852
[2m2026-09-15T06:35:36.895985Z[0m [32m INFO[0m [2mmidnight_bench[0m[2m:[0m [3mstage[0m[2m=[0m"finalise.multi_open.start" [3mrss_mb[0m[2m=[0m2567 [3mhwm_mb[0m[2m=[0m4852
[2m2026-09-15T06:35:38.730668Z[0m [32m INFO[0m [2mmidnight_bench[0m[2m:[0m [3mstage[0m[2m=[0m"finalise.multi_open.end" [3mrss_mb[0m[2m=[0m2549 [3mhwm_mb[0m[2m=[0m4852
[2m2026-09-15T06:35:38.733337Z[0m [32m INFO[0m [2mmidnight_bench[0m[2m:[0m [3mstage[0m[2m=[0m"create_proof.finalise_proof.end" [3mrss_mb[0m[2m=[0m1995 [3mhwm_mb[0m[2m=[0m4852
[2m2026-09-15T06:35:39.061613Z[0m [32m INFO[0m [2mactix_web::middleware::logger[0m[2m:[0m 192.168.65.1 POST /prove HTTP/1.1; took 27.413459s
[2m2026-09-15T06:35:39.091088Z[0m [32m INFO[0m [2mmidnight_proof_server::endpoints[0m[2m:[0m Starting to process request for /prove...
[2m2026-09-15T06:35:41.719566Z[0m [32m INFO[0m [2mmidnight_bench[0m[2m:[0m [3mstage[0m[2m=[0m"create_proof.compute_trace.start" [3mrss_mb[0m[2m=[0m2015 [3mhwm_mb[0m[2m=[0m4852
[2m2026-09-15T06:35:41.719595Z[0m [32m INFO[0m [2mmidnight_bench[0m[2m:[0m [3mstage[0m[2m=[0m"trace.compute_instances.start" [3mrss_mb[0m[2m=[0m2015 [3mhwm_mb[0m[2m=[0m4852
[2m2026-09-15T06:35:41.799396Z[0m [32m INFO[0m [2mmidnight_bench[0m[2m:[0m [3mstage[0m[2m=[0m"trace.compute_instances.end" [3mrss_mb[0m[2m=[0m2031 [3mhwm_mb[0m[2m=[0m4852
[2m2026-09-15T06:35:41.799424Z[0m [32m INFO[0m [2mmidnight_bench[0m[2m:[0m [3mstage[0m[2m=[0m"trace.parse_advices.start" [3mrss_mb[0m[2m=[0m2031 [3mhwm_mb[0m[2m=[0m4852
[2m2026-09-15T06:35:41.938606Z[0m [32m INFO[0m [2mmidnight_bench[0m[2m:[0m [3mstage[0m[2m=[0m"trace.parse_advices.end" [3mrss_mb[0m[2m=[0m2227 [3mhwm_mb[0m[2m=[0m4852
[2m2026-09-15T06:35:41.938633Z[0m [32m INFO[0m [2mmidnight_bench[0m[2m:[0m [3mstage[0m[2m=[0m"trace.lookups_permuted.start" [3mrss_mb[0m[2m=[0m2227 [3mhwm_mb[0m[2m=[0m4852
[2m2026-09-15T06:35:42.490887Z[0m [32m INFO[0m [2mmidnight_bench[0m[2m:[0m [3mstage[0m[2m=[0m"trace.lookups_permuted.end" [3mrss_mb[0m[2m=[0m2521 [3mhwm_mb[0m[2m=[0m4852
[2m2026-09-15T06:35:42.490916Z[0m [32m INFO[0m [2mmidnight_bench[0m[2m:[0m [3mstage[0m[2m=[0m"trace.permutations_commit.start" [3mrss_mb[0m[2m=[0m2521 [3mhwm_mb[0m[2m=[0m4852
[2m2026-09-15T06:35:44.141462Z[0m [32m INFO[0m [2mmidnight_bench[0m[2m:[0m [3mstage[0m[2m=[0m"trace.permutations_commit.end" [3mrss_mb[0m[2m=[0m2623 [3mhwm_mb[0m[2m=[0m4852
[2m2026-09-15T06:35:44.141489Z[0m [32m INFO[0m [2mmidnight_bench[0m[2m:[0m [3mstage[0m[2m=[0m"trace.lookups_product.start" [3mrss_mb[0m[2m=[0m2623 [3mhwm_mb[0m[2m=[0m4852
[2m2026-09-15T06:35:45.528134Z[0m [32m INFO[0m [2mmidnight_bench[0m[2m:[0m [3mstage[0m[2m=[0m"trace.lookups_product.end" [3mrss_mb[0m[2m=[0m2636 [3mhwm_mb[0m[2m=[0m4852
[2m2026-09-15T06:35:46.286296Z[0m [32m INFO[0m [2mmidnight_bench[0m[2m:[0m [3mstage[0m[2m=[0m"create_proof.compute_trace.end" [3mrss_mb[0m[2m=[0m2636 [3mhwm_mb[0m[2m=[0m4852
[2m2026-09-15T06:35:46.286321Z[0m [32m INFO[0m [2mmidnight_bench[0m[2m:[0m [3mstage[0m[2m=[0m"create_proof.finalise_proof.start" [3mrss_mb[0m[2m=[0m2636 [3mhwm_mb[0m[2m=[0m4852
[2m2026-09-15T06:35:46.286328Z[0m [32m INFO[0m [2mmidnight_bench[0m[2m:[0m [3mstage[0m[2m=[0m"finalise.compute_h_poly.start" [3mrss_mb[0m[2m=[0m2636 [3mhwm_mb[0m[2m=[0m4852
[2m2026-09-15T06:35:46.286335Z[0m [32m INFO[0m [2mmidnight_bench[0m[2m:[0m [3mstage[0m[2m=[0m"finalise.compute_h_poly.spill_advice_cosets.start" [3mrss_mb[0m[2m=[0m2636 [3mhwm_mb[0m[2m=[0m4852
[2m2026-09-15T06:35:47.437803Z[0m [32m INFO[0m [2mmidnight_bench[0m[2m:[0m [3mstage[0m[2m=[0m"finalise.compute_h_poly.spill_advice_cosets.end" [3mrss_mb[0m[2m=[0m2956 [3mhwm_mb[0m[2m=[0m4852
[2m2026-09-15T06:35:47.437836Z[0m [32m INFO[0m [2mmidnight_bench[0m[2m:[0m [3mstage[0m[2m=[0m"finalise.compute_h_poly.spill_instance_cosets.start" [3mrss_mb[0m[2m=[0m2956 [3mhwm_mb[0m[2m=[0m4852
[2m2026-09-15T06:35:47.917029Z[0m [32m INFO[0m [2mmidnight_bench[0m[2m:[0m [3mstage[0m[2m=[0m"finalise.compute_h_poly.spill_instance_cosets.end" [3mrss_mb[0m[2m=[0m3084 [3mhwm_mb[0m[2m=[0m4852
[2m2026-09-15T06:35:47.917057Z[0m [32m INFO[0m [2mmidnight_bench[0m[2m:[0m [3mstage[0m[2m=[0m"finalise.compute_h_poly.spill_fixed_cosets.start" [3mrss_mb[0m[2m=[0m3084 [3mhwm_mb[0m[2m=[0m4852
[2m2026-09-15T06:35:51.932902Z[0m [32m INFO[0m [2mmidnight_bench[0m[2m:[0m [3mstage[0m[2m=[0m"finalise.compute_h_poly.spill_fixed_cosets.end" [3mrss_mb[0m[2m=[0m4172 [3mhwm_mb[0m[2m=[0m4852
[2m2026-09-15T06:35:51.932930Z[0m [32m INFO[0m [2mmidnight_bench[0m[2m:[0m [3mstage[0m[2m=[0m"finalise.compute_h_poly.spill_perm_cosets.start" [3mrss_mb[0m[2m=[0m4172 [3mhwm_mb[0m[2m=[0m4852
[2m2026-09-15T06:35:53.918156Z[0m [32m INFO[0m [2mmidnight_bench[0m[2m:[0m [3mstage[0m[2m=[0m"finalise.compute_h_poly.spill_perm_cosets.end" [3mrss_mb[0m[2m=[0m4684 [3mhwm_mb[0m[2m=[0m4852
[2m2026-09-15T06:35:58.715539Z[0m [32m INFO[0m [2mmidnight_bench[0m[2m:[0m [3mstage[0m[2m=[0m"finalise.compute_h_poly.drop_cosets.end" [3mrss_mb[0m[2m=[0m4748 [3mhwm_mb[0m[2m=[0m4940
[2m2026-09-15T06:35:58.801531Z[0m [32m INFO[0m [2mmidnight_bench[0m[2m:[0m [3mstage[0m[2m=[0m"finalise.compute_h_poly.end" [3mrss_mb[0m[2m=[0m2700 [3mhwm_mb[0m[2m=[0m4940
[2m2026-09-15T06:35:58.801560Z[0m [32m INFO[0m [2mmidnight_bench[0m[2m:[0m [3mstage[0m[2m=[0m"finalise.vanishing_construct.start" [3mrss_mb[0m[2m=[0m2700 [3mhwm_mb[0m[2m=[0m4940
[2m2026-09-15T06:36:01.165823Z[0m [32m INFO[0m [2mmidnight_bench[0m[2m:[0m [3mstage[0m[2m=[0m"finalise.vanishing_construct.end" [3mrss_mb[0m[2m=[0m2636 [3mhwm_mb[0m[2m=[0m4940
[2m2026-09-15T06:36:01.354719Z[0m [32m INFO[0m [2mmidnight_bench[0m[2m:[0m [3mstage[0m[2m=[0m"finalise.compute_queries.start" [3mrss_mb[0m[2m=[0m2636 [3mhwm_mb[0m[2m=[0m4940
[2m2026-09-15T06:36:01.354841Z[0m [32m INFO[0m [2mmidnight_bench[0m[2m:[0m [3mstage[0m[2m=[0m"finalise.multi_open.start" [3mrss_mb[0m[2m=[0m2636 [3mhwm_mb[0m[2m=[0m4940
[2m2026-09-15T06:36:03.201827Z[0m [32m INFO[0m [2mmidnight_bench[0m[2m:[0m [3mstage[0m[2m=[0m"finalise.multi_open.end" [3mrss_mb[0m[2m=[0m2621 [3mhwm_mb[0m[2m=[0m4940
[2m2026-09-15T06:36:03.204473Z[0m [32m INFO[0m [2mmidnight_bench[0m[2m:[0m [3mstage[0m[2m=[0m"create_proof.finalise_proof.end" [3mrss_mb[0m[2m=[0m2021 [3mhwm_mb[0m[2m=[0m4940
[2m2026-09-15T06:36:03.540788Z[0m [32m INFO[0m [2mactix_web::middleware::logger[0m[2m:[0m 192.168.65.1 POST /prove HTTP/1.1; took 24.449723s
[2m2026-09-15T06:36:03.543058Z[0m [32m INFO[0m [2mmidnight_proof_server::endpoints[0m[2m:[0m Starting to process request for /prove...
[2m2026-09-15T06:36:06.168953Z[0m [32m INFO[0m [2mmidnight_bench[0m[2m:[0m [3mstage[0m[2m=[0m"create_proof.compute_trace.start" [3mrss_mb[0m[2m=[0m2038 [3mhwm_mb[0m[2m=[0m4940
[2m2026-09-15T06:36:06.168998Z[0m [32m INFO[0m [2mmidnight_bench[0m[2m:[0m [3mstage[0m[2m=[0m"trace.compute_instances.start" [3mrss_mb[0m[2m=[0m2038 [3mhwm_mb[0m[2m=[0m4940
[2m2026-09-15T06:36:06.260564Z[0m [32m INFO[0m [2mmidnight_bench[0m[2m:[0m [3mstage[0m[2m=[0m"trace.compute_instances.end" [3mrss_mb[0m[2m=[0m2054 [3mhwm_mb[0m[2m=[0m4940
[2m2026-09-15T06:36:06.260590Z[0m [32m INFO[0m [2mmidnight_bench[0m[2m:[0m [3mstage[0m[2m=[0m"trace.parse_advices.start" [3mrss_mb[0m[2m=[0m2054 [3mhwm_mb[0m[2m=[0m4940
[2m2026-09-15T06:36:06.368170Z[0m [32m INFO[0m [2mmidnight_bench[0m[2m:[0m [3mstage[0m[2m=[0m"trace.parse_advices.end" [3mrss_mb[0m[2m=[0m2250 [3mhwm_mb[0m[2m=[0m4940
[2m2026-09-15T06:36:06.368206Z[0m [32m INFO[0m [2mmidnight_bench[0m[2m:[0m [3mstage[0m[2m=[0m"trace.lookups_permuted.start" [3mrss_mb[0m[2m=[0m2250 [3mhwm_mb[0m[2m=[0m4940
[2m2026-09-15T06:36:06.915896Z[0m [32m INFO[0m [2mmidnight_bench[0m[2m:[0m [3mstage[0m[2m=[0m"trace.lookups_permuted.end" [3mrss_mb[0m[2m=[0m2544 [3mhwm_mb[0m[2m=[0m4940
[2m2026-09-15T06:36:06.915926Z[0m [32m INFO[0m [2mmidnight_bench[0m[2m:[0m [3mstage[0m[2m=[0m"trace.permutations_commit.start" [3mrss_mb[0m[2m=[0m2544 [3mhwm_mb[0m[2m=[0m4940
[2m2026-09-15T06:36:08.594273Z[0m [32m INFO[0m [2mmidnight_bench[0m[2m:[0m [3mstage[0m[2m=[0m"trace.permutations_commit.end" [3mrss_mb[0m[2m=[0m2640 [3mhwm_mb[0m[2m=[0m4940
[2m2026-09-15T06:36:08.594299Z[0m [32m INFO[0m [2mmidnight_bench[0m[2m:[0m [3mstage[0m[2m=[0m"trace.lookups_product.start" [3mrss_mb[0m[2m=[0m2640 [3mhwm_mb[0m[2m=[0m4940
[2m2026-09-15T06:36:09.906767Z[0m [32m INFO[0m [2mmidnight_bench[0m[2m:[0m [3mstage[0m[2m=[0m"trace.lookups_product.end" [3mrss_mb[0m[2m=[0m2594 [3mhwm_mb[0m[2m=[0m4940
[2m2026-09-15T06:36:10.689856Z[0m [32m INFO[0m [2mmidnight_bench[0m[2m:[0m [3mstage[0m[2m=[0m"create_proof.compute_trace.end" [3mrss_mb[0m[2m=[0m2594 [3mhwm_mb[0m[2m=[0m4940
[2m2026-09-15T06:36:10.689953Z[0m [32m INFO[0m [2mmidnight_bench[0m[2m:[0m [3mstage[0m[2m=[0m"create_proof.finalise_proof.start" [3mrss_mb[0m[2m=[0m2594 [3mhwm_mb[0m[2m=[0m4940
[2m2026-09-15T06:36:10.689973Z[0m [32m INFO[0m [2mmidnight_bench[0m[2m:[0m [3mstage[0m[2m=[0m"finalise.compute_h_poly.start" [3mrss_mb[0m[2m=[0m2594 [3mhwm_mb[0m[2m=[0m4940
[2m2026-09-15T06:36:10.689980Z[0m [32m INFO[0m [2mmidnight_bench[0m[2m:[0m [3mstage[0m[2m=[0m"finalise.compute_h_poly.spill_advice_cosets.start" [3mrss_mb[0m[2m=[0m2594 [3mhwm_mb[0m[2m=[0m4940
[2m2026-09-15T06:36:11.840256Z[0m [32m INFO[0m [2mmidnight_bench[0m[2m:[0m [3mstage[0m[2m=[0m"finalise.compute_h_poly.spill_advice_cosets.end" [3mrss_mb[0m[2m=[0m2914 [3mhwm_mb[0m[2m=[0m4940
[2m2026-09-15T06:36:11.840284Z[0m [32m INFO[0m [2mmidnight_bench[0m[2m:[0m [3mstage[0m[2m=[0m"finalise.compute_h_poly.spill_instance_cosets.start" [3mrss_mb[0m[2m=[0m2914 [3mhwm_mb[0m[2m=[0m4940
[2m2026-09-15T06:36:12.288535Z[0m [32m INFO[0m [2mmidnight_bench[0m[2m:[0m [3mstage[0m[2m=[0m"finalise.compute_h_poly.spill_instance_cosets.end" [3mrss_mb[0m[2m=[0m3042 [3mhwm_mb[0m[2m=[0m4940
[2m2026-09-15T06:36:12.288561Z[0m [32m INFO[0m [2mmidnight_bench[0m[2m:[0m [3mstage[0m[2m=[0m"finalise.compute_h_poly.spill_fixed_cosets.start" [3mrss_mb[0m[2m=[0m3042 [3mhwm_mb[0m[2m=[0m4940
[2m2026-09-15T06:36:16.072943Z[0m [32m INFO[0m [2mmidnight_bench[0m[2m:[0m [3mstage[0m[2m=[0m"finalise.compute_h_poly.spill_fixed_cosets.end" [3mrss_mb[0m[2m=[0m4130 [3mhwm_mb[0m[2m=[0m4940
[2m2026-09-15T06:36:16.073016Z[0m [32m INFO[0m [2mmidnight_bench[0m[2m:[0m [3mstage[0m[2m=[0m"finalise.compute_h_poly.spill_perm_cosets.start" [3mrss_mb[0m[2m=[0m4130 [3mhwm_mb[0m[2m=[0m4940
[2m2026-09-15T06:36:17.980871Z[0m [32m INFO[0m [2mmidnight_bench[0m[2m:[0m [3mstage[0m[2m=[0m"finalise.compute_h_poly.spill_perm_cosets.end" [3mrss_mb[0m[2m=[0m4642 [3mhwm_mb[0m[2m=[0m4940
[2m2026-09-15T06:36:22.774842Z[0m [32m INFO[0m [2mmidnight_bench[0m[2m:[0m [3mstage[0m[2m=[0m"finalise.compute_h_poly.drop_cosets.end" [3mrss_mb[0m[2m=[0m4706 [3mhwm_mb[0m[2m=[0m4940
[2m2026-09-15T06:36:22.860783Z[0m [32m INFO[0m [2mmidnight_bench[0m[2m:[0m [3mstage[0m[2m=[0m"finalise.compute_h_poly.end" [3mrss_mb[0m[2m=[0m2658 [3mhwm_mb[0m[2m=[0m4940
[2m2026-09-15T06:36:22.860807Z[0m [32m INFO[0m [2mmidnight_bench[0m[2m:[0m [3mstage[0m[2m=[0m"finalise.vanishing_construct.start" [3mrss_mb[0m[2m=[0m2658 [3mhwm_mb[0m[2m=[0m4940
[2m2026-09-15T06:36:25.144874Z[0m [32m INFO[0m [2mmidnight_bench[0m[2m:[0m [3mstage[0m[2m=[0m"finalise.vanishing_construct.end" [3mrss_mb[0m[2m=[0m2630 [3mhwm_mb[0m[2m=[0m4940
[2m2026-09-15T06:36:25.331636Z[0m [32m INFO[0m [2mmidnight_bench[0m[2m:[0m [3mstage[0m[2m=[0m"finalise.compute_queries.start" [3mrss_mb[0m[2m=[0m2594 [3mhwm_mb[0m[2m=[0m4940
[2m2026-09-15T06:36:25.331719Z[0m [32m INFO[0m [2mmidnight_bench[0m[2m:[0m [3mstage[0m[2m=[0m"finalise.multi_open.start" [3mrss_mb[0m[2m=[0m2594 [3mhwm_mb[0m[2m=[0m4940
[2m2026-09-15T06:36:27.200651Z[0m [32m INFO[0m [2mmidnight_bench[0m[2m:[0m [3mstage[0m[2m=[0m"finalise.multi_open.end" [3mrss_mb[0m[2m=[0m2578 [3mhwm_mb[0m[2m=[0m4940
[2m2026-09-15T06:36:27.203376Z[0m [32m INFO[0m [2mmidnight_bench[0m[2m:[0m [3mstage[0m[2m=[0m"create_proof.finalise_proof.end" [3mrss_mb[0m[2m=[0m2038 [3mhwm_mb[0m[2m=[0m4940
[2m2026-09-15T06:36:27.548613Z[0m [32m INFO[0m [2mactix_web::middleware::logger[0m[2m:[0m 192.168.65.1 POST /prove HTTP/1.1; took 24.005576s
[2m2026-09-15T06:36:27.551284Z[0m [32m INFO[0m [2mmidnight_proof_server::endpoints[0m[2m:[0m Starting to process request for /prove...
[2m2026-09-15T06:36:30.096631Z[0m [32m INFO[0m [2mmidnight_bench[0m[2m:[0m [3mstage[0m[2m=[0m"create_proof.compute_trace.start" [3mrss_mb[0m[2m=[0m2055 [3mhwm_mb[0m[2m=[0m4940
[2m2026-09-15T06:36:30.096661Z[0m [32m INFO[0m [2mmidnight_bench[0m[2m:[0m [3mstage[0m[2m=[0m"trace.compute_instances.start" [3mrss_mb[0m[2m=[0m2055 [3mhwm_mb[0m[2m=[0m4940
[2m2026-09-15T06:36:30.166569Z[0m [32m INFO[0m [2mmidnight_bench[0m[2m:[0m [3mstage[0m[2m=[0m"trace.compute_instances.end" [3mrss_mb[0m[2m=[0m2071 [3mhwm_mb[0m[2m=[0m4940
[2m2026-09-15T06:36:30.166594Z[0m [32m INFO[0m [2mmidnight_bench[0m[2m:[0m [3mstage[0m[2m=[0m"trace.parse_advices.start" [3mrss_mb[0m[2m=[0m2071 [3mhwm_mb[0m[2m=[0m4940
[2m2026-09-15T06:36:30.267648Z[0m [32m INFO[0m [2mmidnight_bench[0m[2m:[0m [3mstage[0m[2m=[0m"trace.parse_advices.end" [3mrss_mb[0m[2m=[0m2267 [3mhwm_mb[0m[2m=[0m4940
[2m2026-09-15T06:36:30.267695Z[0m [32m INFO[0m [2mmidnight_bench[0m[2m:[0m [3mstage[0m[2m=[0m"trace.lookups_permuted.start" [3mrss_mb[0m[2m=[0m2267 [3mhwm_mb[0m[2m=[0m4940
[2m2026-09-15T06:36:30.812734Z[0m [32m INFO[0m [2mmidnight_bench[0m[2m:[0m [3mstage[0m[2m=[0m"trace.lookups_permuted.end" [3mrss_mb[0m[2m=[0m2561 [3mhwm_mb[0m[2m=[0m4940
[2m2026-09-15T06:36:30.812766Z[0m [32m INFO[0m [2mmidnight_bench[0m[2m:[0m [3mstage[0m[2m=[0m"trace.permutations_commit.start" [3mrss_mb[0m[2m=[0m2561 [3mhwm_mb[0m[2m=[0m4940
[2m2026-09-15T06:36:32.424444Z[0m [32m INFO[0m [2mmidnight_bench[0m[2m:[0m [3mstage[0m[2m=[0m"trace.permutations_commit.end" [3mrss_mb[0m[2m=[0m2657 [3mhwm_mb[0m[2m=[0m4940
[2m2026-09-15T06:36:32.424472Z[0m [32m INFO[0m [2mmidnight_bench[0m[2m:[0m [3mstage[0m[2m=[0m"trace.lookups_product.start" [3mrss_mb[0m[2m=[0m2657 [3mhwm_mb[0m[2m=[0m4940
[2m2026-09-15T06:36:33.781087Z[0m [32m INFO[0m [2mmidnight_bench[0m[2m:[0m [3mstage[0m[2m=[0m"trace.lookups_product.end" [3mrss_mb[0m[2m=[0m2611 [3mhwm_mb[0m[2m=[0m4940
[2m2026-09-15T06:36:34.407132Z[0m [32m INFO[0m [2mmidnight_bench[0m[2m:[0m [3mstage[0m[2m=[0m"create_proof.compute_trace.end" [3mrss_mb[0m[2m=[0m2611 [3mhwm_mb[0m[2m=[0m4940
[2m2026-09-15T06:36:34.407156Z[0m [32m INFO[0m [2mmidnight_bench[0m[2m:[0m [3mstage[0m[2m=[0m"create_proof.finalise_proof.start" [3mrss_mb[0m[2m=[0m2611 [3mhwm_mb[0m[2m=[0m4940
[2m2026-09-15T06:36:34.407165Z[0m [32m INFO[0m [2mmidnight_bench[0m[2m:[0m [3mstage[0m[2m=[0m"finalise.compute_h_poly.start" [3mrss_mb[0m[2m=[0m2611 [3mhwm_mb[0m[2m=[0m4940
[2m2026-09-15T06:36:34.407172Z[0m [32m INFO[0m [2mmidnight_bench[0m[2m:[0m [3mstage[0m[2m=[0m"finalise.compute_h_poly.spill_advice_cosets.start" [3mrss_mb[0m[2m=[0m2611 [3mhwm_mb[0m[2m=[0m4940
[2m2026-09-15T06:36:35.614952Z[0m [32m INFO[0m [2mmidnight_bench[0m[2m:[0m [3mstage[0m[2m=[0m"finalise.compute_h_poly.spill_advice_cosets.end" [3mrss_mb[0m[2m=[0m2931 [3mhwm_mb[0m[2m=[0m4940
[2m2026-09-15T06:36:35.614983Z[0m [32m INFO[0m [2mmidnight_bench[0m[2m:[0m [3mstage[0m[2m=[0m"finalise.compute_h_poly.spill_instance_cosets.start" [3mrss_mb[0m[2m=[0m2931 [3mhwm_mb[0m[2m=[0m4940
[2m2026-09-15T06:36:36.069163Z[0m [32m INFO[0m [2mmidnight_bench[0m[2m:[0m [3mstage[0m[2m=[0m"finalise.compute_h_poly.spill_instance_cosets.end" [3mrss_mb[0m[2m=[0m3059 [3mhwm_mb[0m[2m=[0m4940
[2m2026-09-15T06:36:36.069188Z[0m [32m INFO[0m [2mmidnight_bench[0m[2m:[0m [3mstage[0m[2m=[0m"finalise.compute_h_poly.spill_fixed_cosets.start" [3mrss_mb[0m[2m=[0m3059 [3mhwm_mb[0m[2m=[0m4940
[2m2026-09-15T06:36:39.816476Z[0m [32m INFO[0m [2mmidnight_bench[0m[2m:[0m [3mstage[0m[2m=[0m"finalise.compute_h_poly.spill_fixed_cosets.end" [3mrss_mb[0m[2m=[0m4147 [3mhwm_mb[0m[2m=[0m4940
[2m2026-09-15T06:36:39.816506Z[0m [32m INFO[0m [2mmidnight_bench[0m[2m:[0m [3mstage[0m[2m=[0m"finalise.compute_h_poly.spill_perm_cosets.start" [3mrss_mb[0m[2m=[0m4147 [3mhwm_mb[0m[2m=[0m4940
[2m2026-09-15T06:36:41.713923Z[0m [32m INFO[0m [2mmidnight_bench[0m[2m:[0m [3mstage[0m[2m=[0m"finalise.compute_h_poly.spill_perm_cosets.end" [3mrss_mb[0m[2m=[0m4659 [3mhwm_mb[0m[2m=[0m4940
[2m2026-09-15T06:36:47.001949Z[0m [32m INFO[0m [2mmidnight_bench[0m[2m:[0m [3mstage[0m[2m=[0m"finalise.compute_h_poly.drop_cosets.end" [3mrss_mb[0m[2m=[0m4723 [3mhwm_mb[0m[2m=[0m4940
[2m2026-09-15T06:36:47.088285Z[0m [32m INFO[0m [2mmidnight_bench[0m[2m:[0m [3mstage[0m[2m=[0m"finalise.compute_h_poly.end" [3mrss_mb[0m[2m=[0m2675 [3mhwm_mb[0m[2m=[0m4940
[2m2026-09-15T06:36:47.088315Z[0m [32m INFO[0m [2mmidnight_bench[0m[2m:[0m [3mstage[0m[2m=[0m"finalise.vanishing_construct.start" [3mrss_mb[0m[2m=[0m2675 [3mhwm_mb[0m[2m=[0m4940
[2m2026-09-15T06:36:49.545016Z[0m [32m INFO[0m [2mmidnight_bench[0m[2m:[0m [3mstage[0m[2m=[0m"finalise.vanishing_construct.end" [3mrss_mb[0m[2m=[0m2647 [3mhwm_mb[0m[2m=[0m4940
[2m2026-09-15T06:36:49.731391Z[0m [32m INFO[0m [2mmidnight_bench[0m[2m:[0m [3mstage[0m[2m=[0m"finalise.compute_queries.start" [3mrss_mb[0m[2m=[0m2611 [3mhwm_mb[0m[2m=[0m4940
[2m2026-09-15T06:36:49.731480Z[0m [32m INFO[0m [2mmidnight_bench[0m[2m:[0m [3mstage[0m[2m=[0m"finalise.multi_open.start" [3mrss_mb[0m[2m=[0m2611 [3mhwm_mb[0m[2m=[0m4940
[2m2026-09-15T06:36:51.783539Z[0m [32m INFO[0m [2mmidnight_bench[0m[2m:[0m [3mstage[0m[2m=[0m"finalise.multi_open.end" [3mrss_mb[0m[2m=[0m2595 [3mhwm_mb[0m[2m=[0m4940
[2m2026-09-15T06:36:51.786527Z[0m [32m INFO[0m [2mmidnight_bench[0m[2m:[0m [3mstage[0m[2m=[0m"create_proof.finalise_proof.end" [3mrss_mb[0m[2m=[0m2055 [3mhwm_mb[0m[2m=[0m4940
[2m2026-09-15T06:36:52.143439Z[0m [32m INFO[0m [2mactix_web::middleware::logger[0m[2m:[0m 192.168.65.1 POST /prove HTTP/1.1; took 24.592171s
[2m2026-09-15T06:36:52.172405Z[0m [32m INFO[0m [2mmidnight_proof_server::endpoints[0m[2m:[0m Starting to process request for /prove...
[2m2026-09-15T06:36:54.729227Z[0m [32m INFO[0m [2mmidnight_bench[0m[2m:[0m [3mstage[0m[2m=[0m"create_proof.compute_trace.start" [3mrss_mb[0m[2m=[0m2081 [3mhwm_mb[0m[2m=[0m4940
[2m2026-09-15T06:36:54.729280Z[0m [32m INFO[0m [2mmidnight_bench[0m[2m:[0m [3mstage[0m[2m=[0m"trace.compute_instances.start" [3mrss_mb[0m[2m=[0m2081 [3mhwm_mb[0m[2m=[0m4940
[2m2026-09-15T06:36:54.819114Z[0m [32m INFO[0m [2mmidnight_bench[0m[2m:[0m [3mstage[0m[2m=[0m"trace.compute_instances.end" [3mrss_mb[0m[2m=[0m2097 [3mhwm_mb[0m[2m=[0m4940
[2m2026-09-15T06:36:54.819143Z[0m [32m INFO[0m [2mmidnight_bench[0m[2m:[0m [3mstage[0m[2m=[0m"trace.parse_advices.start" [3mrss_mb[0m[2m=[0m2097 [3mhwm_mb[0m[2m=[0m4940
[2m2026-09-15T06:36:54.977379Z[0m [32m INFO[0m [2mmidnight_bench[0m[2m:[0m [3mstage[0m[2m=[0m"trace.parse_advices.end" [3mrss_mb[0m[2m=[0m2293 [3mhwm_mb[0m[2m=[0m4940
[2m2026-09-15T06:36:54.977408Z[0m [32m INFO[0m [2mmidnight_bench[0m[2m:[0m [3mstage[0m[2m=[0m"trace.lookups_permuted.start" [3mrss_mb[0m[2m=[0m2293 [3mhwm_mb[0m[2m=[0m4940
[2m2026-09-15T06:36:55.570307Z[0m [32m INFO[0m [2mmidnight_bench[0m[2m:[0m [3mstage[0m[2m=[0m"trace.lookups_permuted.end" [3mrss_mb[0m[2m=[0m2587 [3mhwm_mb[0m[2m=[0m4940
[2m2026-09-15T06:36:55.570336Z[0m [32m INFO[0m [2mmidnight_bench[0m[2m:[0m [3mstage[0m[2m=[0m"trace.permutations_commit.start" [3mrss_mb[0m[2m=[0m2587 [3mhwm_mb[0m[2m=[0m4940
[2m2026-09-15T06:36:57.208112Z[0m [32m INFO[0m [2mmidnight_bench[0m[2m:[0m [3mstage[0m[2m=[0m"trace.permutations_commit.end" [3mrss_mb[0m[2m=[0m2683 [3mhwm_mb[0m[2m=[0m4940
[2m2026-09-15T06:36:57.208138Z[0m [32m INFO[0m [2mmidnight_bench[0m[2m:[0m [3mstage[0m[2m=[0m"trace.lookups_product.start" [3mrss_mb[0m[2m=[0m2683 [3mhwm_mb[0m[2m=[0m4940
[2m2026-09-15T06:36:58.567136Z[0m [32m INFO[0m [2mmidnight_bench[0m[2m:[0m [3mstage[0m[2m=[0m"trace.lookups_product.end" [3mrss_mb[0m[2m=[0m2639 [3mhwm_mb[0m[2m=[0m4940
[2m2026-09-15T06:36:59.256453Z[0m [32m INFO[0m [2mmidnight_bench[0m[2m:[0m [3mstage[0m[2m=[0m"create_proof.compute_trace.end" [3mrss_mb[0m[2m=[0m2639 [3mhwm_mb[0m[2m=[0m4940
[2m2026-09-15T06:36:59.256476Z[0m [32m INFO[0m [2mmidnight_bench[0m[2m:[0m [3mstage[0m[2m=[0m"create_proof.finalise_proof.start" [3mrss_mb[0m[2m=[0m2639 [3mhwm_mb[0m[2m=[0m4940
[2m2026-09-15T06:36:59.256485Z[0m [32m INFO[0m [2mmidnight_bench[0m[2m:[0m [3mstage[0m[2m=[0m"finalise.compute_h_poly.start" [3mrss_mb[0m[2m=[0m2639 [3mhwm_mb[0m[2m=[0m4940
[2m2026-09-15T06:36:59.256492Z[0m [32m INFO[0m [2mmidnight_bench[0m[2m:[0m [3mstage[0m[2m=[0m"finalise.compute_h_poly.spill_advice_cosets.start" [3mrss_mb[0m[2m=[0m2639 [3mhwm_mb[0m[2m=[0m4940
[2m2026-09-15T06:37:00.441802Z[0m [32m INFO[0m [2mmidnight_bench[0m[2m:[0m [3mstage[0m[2m=[0m"finalise.compute_h_poly.spill_advice_cosets.end" [3mrss_mb[0m[2m=[0m2959 [3mhwm_mb[0m[2m=[0m4940
[2m2026-09-15T06:37:00.441828Z[0m [32m INFO[0m [2mmidnight_bench[0m[2m:[0m [3mstage[0m[2m=[0m"finalise.compute_h_poly.spill_instance_cosets.start" [3mrss_mb[0m[2m=[0m2959 [3mhwm_mb[0m[2m=[0m4940
[2m2026-09-15T06:37:00.893966Z[0m [32m INFO[0m [2mmidnight_bench[0m[2m:[0m [3mstage[0m[2m=[0m"finalise.compute_h_poly.spill_instance_cosets.end" [3mrss_mb[0m[2m=[0m3087 [3mhwm_mb[0m[2m=[0m4940
[2m2026-09-15T06:37:00.893996Z[0m [32m INFO[0m [2mmidnight_bench[0m[2m:[0m [3mstage[0m[2m=[0m"finalise.compute_h_poly.spill_fixed_cosets.start" [3mrss_mb[0m[2m=[0m3087 [3mhwm_mb[0m[2m=[0m4940
[2m2026-09-15T06:37:04.866237Z[0m [32m INFO[0m [2mmidnight_bench[0m[2m:[0m [3mstage[0m[2m=[0m"finalise.compute_h_poly.spill_fixed_cosets.end" [3mrss_mb[0m[2m=[0m4175 [3mhwm_mb[0m[2m=[0m4940
[2m2026-09-15T06:37:04.866270Z[0m [32m INFO[0m [2mmidnight_bench[0m[2m:[0m [3mstage[0m[2m=[0m"finalise.compute_h_poly.spill_perm_cosets.start" [3mrss_mb[0m[2m=[0m4175 [3mhwm_mb[0m[2m=[0m4940
[2m2026-09-15T06:37:06.974016Z[0m [32m INFO[0m [2mmidnight_bench[0m[2m:[0m [3mstage[0m[2m=[0m"finalise.compute_h_poly.spill_perm_cosets.end" [3mrss_mb[0m[2m=[0m4687 [3mhwm_mb[0m[2m=[0m4940
[2m2026-09-15T06:37:12.430434Z[0m [32m INFO[0m [2mmidnight_bench[0m[2m:[0m [3mstage[0m[2m=[0m"finalise.compute_h_poly.drop_cosets.end" [3mrss_mb[0m[2m=[0m4751 [3mhwm_mb[0m[2m=[0m4942
[2m2026-09-15T06:37:12.520984Z[0m [32m INFO[0m [2mmidnight_bench[0m[2m:[0m [3mstage[0m[2m=[0m"finalise.compute_h_poly.end" [3mrss_mb[0m[2m=[0m2703 [3mhwm_mb[0m[2m=[0m4942
[2m2026-09-15T06:37:12.521014Z[0m [32m INFO[0m [2mmidnight_bench[0m[2m:[0m [3mstage[0m[2m=[0m"finalise.vanishing_construct.start" [3mrss_mb[0m[2m=[0m2703 [3mhwm_mb[0m[2m=[0m4942
[2m2026-09-15T06:37:14.870535Z[0m [32m INFO[0m [2mmidnight_bench[0m[2m:[0m [3mstage[0m[2m=[0m"finalise.vanishing_construct.end" [3mrss_mb[0m[2m=[0m2675 [3mhwm_mb[0m[2m=[0m4942
[2m2026-09-15T06:37:15.055466Z[0m [32m INFO[0m [2mmidnight_bench[0m[2m:[0m [3mstage[0m[2m=[0m"finalise.compute_queries.start" [3mrss_mb[0m[2m=[0m2639 [3mhwm_mb[0m[2m=[0m4942
[2m2026-09-15T06:37:15.055555Z[0m [32m INFO[0m [2mmidnight_bench[0m[2m:[0m [3mstage[0m[2m=[0m"finalise.multi_open.start" [3mrss_mb[0m[2m=[0m2639 [3mhwm_mb[0m[2m=[0m4942
[2m2026-09-15T06:37:16.961858Z[0m [32m INFO[0m [2mmidnight_bench[0m[2m:[0m [3mstage[0m[2m=[0m"finalise.multi_open.end" [3mrss_mb[0m[2m=[0m2621 [3mhwm_mb[0m[2m=[0m4942
[2m2026-09-15T06:37:16.964423Z[0m [32m INFO[0m [2mmidnight_bench[0m[2m:[0m [3mstage[0m[2m=[0m"create_proof.finalise_proof.end" [3mrss_mb[0m[2m=[0m2081 [3mhwm_mb[0m[2m=[0m4942
[2m2026-09-15T06:37:17.315195Z[0m [32m INFO[0m [2mactix_web::middleware::logger[0m[2m:[0m 192.168.65.1 POST /prove HTTP/1.1; took 25.142819s
